../../Middlewares/ST/touchgfx/framework/include/touchgfx/Screen.hpp:104:18:virtual void touchgfx::Screen::afterTransition()	0	static
../../Middlewares/ST/touchgfx/framework/include/touchgfx/Screen.hpp:154:18:virtual void touchgfx::Screen::handleKeyEvent(uint8_t)	0	static
../../Middlewares/ST/touchgfx/framework/include/touchgfx/TypedText.hpp:65:13:touchgfx::TypedText::~TypedText()	0	static
E:/DaiCuongBK/HeNhung/btl/FlappyBird/TouchGFX/gui/src/gamescreen_screen/GameScreenView.cpp:53:6:virtual void GameScreenView::tearDownScreen()	0	static
../../Middlewares/ST/touchgfx/framework/include/touchgfx/TypedText.hpp:65:13:virtual touchgfx::TypedText::~TypedText()	8	static
../../TouchGFX/gui/include/gui/gamescreen_screen/GameScreenView.hpp:11:13:GameScreenView::~GameScreenView()	8	static
../../TouchGFX/gui/include/gui/gamescreen_screen/GameScreenView.hpp:11:13:virtual GameScreenView::~GameScreenView()	8	static
../../Middlewares/ST/touchgfx/framework/include/touchgfx/Drawable.hpp:343:10:void touchgfx::Drawable::setXY(int16_t, int16_t)	16	static
../../Middlewares/ST/touchgfx/framework/include/touchgfx/Drawable.hpp:588:18:virtual void touchgfx::Drawable::moveTo(int16_t, int16_t)	4	static
E:/DaiCuongBK/HeNhung/btl/FlappyBird/TouchGFX/gui/src/gamescreen_screen/GameScreenView.cpp:11:1:GameScreenView::GameScreenView()	8	static
E:/DaiCuongBK/HeNhung/btl/FlappyBird/TouchGFX/gui/src/gamescreen_screen/GameScreenView.cpp:236:6:bool GameScreenView::checkCollision(int, int, int, int, int, int, int, int)	12	static
E:/DaiCuongBK/HeNhung/btl/FlappyBird/TouchGFX/gui/src/gamescreen_screen/GameScreenView.cpp:266:6:void GameScreenView::randomizePipeHeight(touchgfx::Container&)	4	static
E:/DaiCuongBK/HeNhung/btl/FlappyBird/TouchGFX/gui/src/gamescreen_screen/GameScreenView.cpp:280:6:void GameScreenView::toggleBackground()	0	static
E:/DaiCuongBK/HeNhung/btl/FlappyBird/TouchGFX/gui/src/gamescreen_screen/GameScreenView.cpp:16:6:virtual void GameScreenView::setupScreen()	16	static
E:/DaiCuongBK/HeNhung/btl/FlappyBird/TouchGFX/gui/src/gamescreen_screen/GameScreenView.cpp:244:6:void GameScreenView::setGameOver()	24	static
E:/DaiCuongBK/HeNhung/btl/FlappyBird/TouchGFX/gui/src/gamescreen_screen/GameScreenView.cpp:164:6:void GameScreenView::handleCollision(touchgfx::Container&)	72	static
E:/DaiCuongBK/HeNhung/btl/FlappyBird/TouchGFX/gui/src/gamescreen_screen/GameScreenView.cpp:58:6:virtual void GameScreenView::handleTickEvent()	32	static
